Microsoft Windows [version 10.0.22631.3880]
(c) Microsoft Corporation. Tous droits réservés.

C:\Users\vicab\OneDrive\Documents\PartageMemoireISI>git status
Refresh index: 100% (920/920), done.
On branch victoire
Your branch is up to date with 'origin/victoire'.

Changes not staged for commit:
  (use "git add/rm <file>..." to update what will be committed)
  (use "git restore <file>..." to discard changes in working directory)
        modified:   .idea/.gitignore
        modified:   .vs/PartageMemoireM1GL/DesignTimeBuild/.dtbcache.v2
        deleted:    .vs/PartageMemoireM1GL/FileContentIndex/566117be-ed6c-42e0-963b-3815f3faf0cc.vsidx
        deleted:    .vs/PartageMemoireM1GL/FileContentIndex/92fd565e-fcf0-4336-a1f5-a02fdb0d7f24.vsidx
        deleted:    .vs/PartageMemoireM1GL/FileContentIndex/a921bbb1-3bbb-4140-b215-7bc9ff0b8781.vsidx
        deleted:    .vs/PartageMemoireM1GL/FileContentIndex/d3e1992c-3621-49ca-9045-a033f2cf02cd.vsidx
        deleted:    .vs/PartageMemoireM1GL/FileContentIndex/d59ece2f-66e7-48d8-8cb6-d0cc0f6b14c1.vsidx
        modified:   .vs/PartageMemoireM1GL/config/applicationhost.config
        modified:   .vs/PartageMemoireM1GL/v17/.futdcache.v2
        modified:   .vs/PartageMemoireM1GL/v17/.suo
        modified:   .vs/PartageMemoireM1GL/v17/DocumentLayout.json
        modified:   .vs/ProjectEvaluation/partagememoirem1gl.metadata.v8.bin
        modified:   .vs/ProjectEvaluation/partagememoirem1gl.projects.v8.bin
        modified:   .vs/ProjectEvaluation/partagememoirem1gl.strings.v8.bin
        modified:   FilePM/.vs/FilePM.csproj.dtbcache.json
        modified:   FilePM/bin/FilePM.dll
        modified:   FilePM/bin/FilePM.pdb
        modified:   FilePM/obj/Debug/DesignTimeResolveAssemblyReferencesInput.cache
        modified:   FilePM/obj/Debug/FilePM.csproj.FileListAbsolute.txt
        modified:   FilePM/obj/Debug/FilePM.dll
        modified:   FilePM/obj/Debug/FilePM.pdb
        modified:   MetierPM/.vs/MetierPM.csproj.dtbcache.json
        modified:   MetierPM/bin/MetierPM.dll
        modified:   MetierPM/bin/MetierPM.pdb
        modified:   MetierPM/obj/Debug/DesignTimeResolveAssemblyReferencesInput.cache
        modified:   MetierPM/obj/Debug/MetierPM.csproj.AssemblyReference.cache
        modified:   MetierPM/obj/Debug/MetierPM.csproj.CoreCompileInputs.cache
        modified:   MetierPM/obj/Debug/MetierPM.csproj.FileListAbsolute.txt
        modified:   MetierPM/obj/Debug/MetierPM.dll
        modified:   MetierPM/obj/Debug/MetierPM.pdb
        modified:   PMGateway/Controllers/ExpertController.cs
        modified:   PMGateway/Controllers/WeatherForecastController.cs
        modified:   PMGateway/PMGateway.csproj
        modified:   PMGateway/PMGateway.csproj.user
        modified:   PMGateway/Program.cs
        modified:   PMGateway/appsettings.json
        modified:   PMGateway/bin/Debug/net8.0/Microsoft.IdentityModel.Abstractions.dll
        modified:   PMGateway/bin/Debug/net8.0/Microsoft.IdentityModel.JsonWebTokens.dll
        modified:   PMGateway/bin/Debug/net8.0/Microsoft.IdentityModel.Logging.dll
        modified:   PMGateway/bin/Debug/net8.0/Microsoft.IdentityModel.Protocols.OpenIdConnect.dll
        modified:   PMGateway/bin/Debug/net8.0/Microsoft.IdentityModel.Protocols.dll
        modified:   PMGateway/bin/Debug/net8.0/Microsoft.IdentityModel.Tokens.dll
        modified:   PMGateway/bin/Debug/net8.0/PMGateway.deps.json
        modified:   PMGateway/bin/Debug/net8.0/PMGateway.dll
        modified:   PMGateway/bin/Debug/net8.0/PMGateway.exe
        modified:   PMGateway/bin/Debug/net8.0/PMGateway.pdb
        modified:   PMGateway/bin/Debug/net8.0/System.IdentityModel.Tokens.Jwt.dll
        modified:   PMGateway/bin/Debug/net8.0/appsettings.json
        modified:   PMGateway/obj/Debug/net8.0/PMGateway.AssemblyInfo.cs
        modified:   PMGateway/obj/Debug/net8.0/PMGateway.AssemblyInfoInputs.cache
        modified:   PMGateway/obj/Debug/net8.0/PMGateway.GeneratedMSBuildEditorConfig.editorconfig
        modified:   PMGateway/obj/Debug/net8.0/PMGateway.MvcApplicationPartsAssemblyInfo.cs
        modified:   PMGateway/obj/Debug/net8.0/PMGateway.assets.cache
        modified:   PMGateway/obj/Debug/net8.0/PMGateway.csproj.AssemblyReference.cache
        modified:   PMGateway/obj/Debug/net8.0/PMGateway.csproj.CoreCompileInputs.cache
        modified:   PMGateway/obj/Debug/net8.0/PMGateway.csproj.FileListAbsolute.txt
        modified:   PMGateway/obj/Debug/net8.0/PMGateway.dll
        modified:   PMGateway/obj/Debug/net8.0/PMGateway.genruntimeconfig.cache
        modified:   PMGateway/obj/Debug/net8.0/PMGateway.pdb
        modified:   PMGateway/obj/Debug/net8.0/apphost.exe
        modified:   PMGateway/obj/Debug/net8.0/ref/PMGateway.dll
        modified:   PMGateway/obj/Debug/net8.0/refint/PMGateway.dll
        modified:   PMGateway/obj/PMGateway.csproj.nuget.dgspec.json
        modified:   PMGateway/obj/PMGateway.csproj.nuget.g.props
        modified:   PMGateway/obj/project.assets.json
        modified:   PMGateway/obj/project.nuget.cache

Untracked files:
  (use "git add <file>..." to include in what will be committed)
        .vs/PartageMemoireM1GL/FileContentIndex/1039ad90-78ea-42e5-8e21-8cb9e5895a4d.vsidx
        .vs/PartageMemoireM1GL/FileContentIndex/42cb769f-0b7b-4497-b103-274ffbb2eec5.vsidx
        .vs/PartageMemoireM1GL/FileContentIndex/8e3c1b50-7d07-43bb-80d8-ac229e1f25fd.vsidx
        .vs/PartageMemoireM1GL/FileContentIndex/b885ccdb-3561-4b44-92f2-d095f62a01eb.vsidx
        .vs/PartageMemoireM1GL/FileContentIndex/ff7c5c37-89f9-463d-8e30-77e59536969e.vsidx
        Commande supplementaire.txt
        PMGateway/Controllers/AuthController.cs
        PMGateway/bin/Debug/net8.0/Microsoft.AspNetCore.Authentication.JwtBearer.dll
        PMGateway/obj/Debug/net8.0/PMGateway.sourcelink.json

no changes added to commit (use "git add" and/or "git commit -a")

C:\Users\vicab\OneDrive\Documents\PartageMemoireISI>git add .

C:\Users\vicab\OneDrive\Documents\PartageMemoireISI>git status
On branch victoire
Your branch is up to date with 'origin/victoire'.

Changes to be committed:
  (use "git restore --staged <file>..." to unstage)
        modified:   .idea/.gitignore
        modified:   .vs/PartageMemoireM1GL/DesignTimeBuild/.dtbcache.v2
        new file:   .vs/PartageMemoireM1GL/FileContentIndex/1039ad90-78ea-42e5-8e21-8cb9e5895a4d.vsidx
        new file:   .vs/PartageMemoireM1GL/FileContentIndex/42cb769f-0b7b-4497-b103-274ffbb2eec5.vsidx
        deleted:    .vs/PartageMemoireM1GL/FileContentIndex/566117be-ed6c-42e0-963b-3815f3faf0cc.vsidx
        new file:   .vs/PartageMemoireM1GL/FileContentIndex/8e3c1b50-7d07-43bb-80d8-ac229e1f25fd.vsidx
        deleted:    .vs/PartageMemoireM1GL/FileContentIndex/92fd565e-fcf0-4336-a1f5-a02fdb0d7f24.vsidx
        deleted:    .vs/PartageMemoireM1GL/FileContentIndex/a921bbb1-3bbb-4140-b215-7bc9ff0b8781.vsidx
        new file:   .vs/PartageMemoireM1GL/FileContentIndex/b885ccdb-3561-4b44-92f2-d095f62a01eb.vsidx
        deleted:    .vs/PartageMemoireM1GL/FileContentIndex/d3e1992c-3621-49ca-9045-a033f2cf02cd.vsidx
        deleted:    .vs/PartageMemoireM1GL/FileContentIndex/d59ece2f-66e7-48d8-8cb6-d0cc0f6b14c1.vsidx
        new file:   .vs/PartageMemoireM1GL/FileContentIndex/ff7c5c37-89f9-463d-8e30-77e59536969e.vsidx
        modified:   .vs/PartageMemoireM1GL/config/applicationhost.config
        modified:   .vs/PartageMemoireM1GL/v17/.futdcache.v2
        modified:   .vs/PartageMemoireM1GL/v17/.suo
        modified:   .vs/PartageMemoireM1GL/v17/DocumentLayout.json
        modified:   .vs/ProjectEvaluation/partagememoirem1gl.metadata.v8.bin
        modified:   .vs/ProjectEvaluation/partagememoirem1gl.projects.v8.bin
        modified:   .vs/ProjectEvaluation/partagememoirem1gl.strings.v8.bin
        new file:   Commande supplementaire.txt
        modified:   FilePM/.vs/FilePM.csproj.dtbcache.json
        modified:   FilePM/bin/FilePM.dll
        modified:   FilePM/bin/FilePM.pdb
        modified:   FilePM/obj/Debug/DesignTimeResolveAssemblyReferencesInput.cache
        modified:   FilePM/obj/Debug/FilePM.csproj.FileListAbsolute.txt
        modified:   FilePM/obj/Debug/FilePM.dll
        modified:   FilePM/obj/Debug/FilePM.pdb
        modified:   MetierPM/.vs/MetierPM.csproj.dtbcache.json
        modified:   MetierPM/bin/MetierPM.dll
        modified:   MetierPM/bin/MetierPM.pdb
        modified:   MetierPM/obj/Debug/DesignTimeResolveAssemblyReferencesInput.cache
        modified:   MetierPM/obj/Debug/MetierPM.csproj.AssemblyReference.cache
        modified:   MetierPM/obj/Debug/MetierPM.csproj.CoreCompileInputs.cache
        modified:   MetierPM/obj/Debug/MetierPM.csproj.FileListAbsolute.txt
        modified:   MetierPM/obj/Debug/MetierPM.dll
        modified:   MetierPM/obj/Debug/MetierPM.pdb
        new file:   PMGateway/Controllers/AuthController.cs
        modified:   PMGateway/Controllers/ExpertController.cs
        modified:   PMGateway/Controllers/WeatherForecastController.cs
        modified:   PMGateway/PMGateway.csproj
        modified:   PMGateway/PMGateway.csproj.user
        modified:   PMGateway/Program.cs
        modified:   PMGateway/appsettings.json
        new file:   PMGateway/bin/Debug/net8.0/Microsoft.AspNetCore.Authentication.JwtBearer.dll
        modified:   PMGateway/bin/Debug/net8.0/Microsoft.IdentityModel.Abstractions.dll
        modified:   PMGateway/bin/Debug/net8.0/Microsoft.IdentityModel.JsonWebTokens.dll
        modified:   PMGateway/bin/Debug/net8.0/Microsoft.IdentityModel.Logging.dll
        modified:   PMGateway/bin/Debug/net8.0/Microsoft.IdentityModel.Protocols.OpenIdConnect.dll
        modified:   PMGateway/bin/Debug/net8.0/Microsoft.IdentityModel.Protocols.dll
        modified:   PMGateway/bin/Debug/net8.0/Microsoft.IdentityModel.Tokens.dll
        modified:   PMGateway/bin/Debug/net8.0/PMGateway.deps.json
        modified:   PMGateway/bin/Debug/net8.0/PMGateway.dll
        modified:   PMGateway/bin/Debug/net8.0/PMGateway.exe
        modified:   PMGateway/bin/Debug/net8.0/PMGateway.pdb
        modified:   PMGateway/bin/Debug/net8.0/System.IdentityModel.Tokens.Jwt.dll
        modified:   PMGateway/bin/Debug/net8.0/appsettings.json
        modified:   PMGateway/obj/Debug/net8.0/PMGateway.AssemblyInfo.cs
        modified:   PMGateway/obj/Debug/net8.0/PMGateway.AssemblyInfoInputs.cache
        modified:   PMGateway/obj/Debug/net8.0/PMGateway.GeneratedMSBuildEditorConfig.editorconfig
        modified:   PMGateway/obj/Debug/net8.0/PMGateway.MvcApplicationPartsAssemblyInfo.cs
        modified:   PMGateway/obj/Debug/net8.0/PMGateway.assets.cache
        modified:   PMGateway/obj/Debug/net8.0/PMGateway.csproj.AssemblyReference.cache
        modified:   PMGateway/obj/Debug/net8.0/PMGateway.csproj.CoreCompileInputs.cache
        modified:   PMGateway/obj/Debug/net8.0/PMGateway.csproj.FileListAbsolute.txt
        modified:   PMGateway/obj/Debug/net8.0/PMGateway.dll
        modified:   PMGateway/obj/Debug/net8.0/PMGateway.genruntimeconfig.cache
        modified:   PMGateway/obj/Debug/net8.0/PMGateway.pdb
        new file:   PMGateway/obj/Debug/net8.0/PMGateway.sourcelink.json
        modified:   PMGateway/obj/Debug/net8.0/apphost.exe
        modified:   PMGateway/obj/Debug/net8.0/ref/PMGateway.dll
        modified:   PMGateway/obj/Debug/net8.0/refint/PMGateway.dll
        modified:   PMGateway/obj/PMGateway.csproj.nuget.dgspec.json
        modified:   PMGateway/obj/PMGateway.csproj.nuget.g.props
        modified:   PMGateway/obj/project.assets.json
        modified:   PMGateway/obj/project.nuget.cache


C:\Users\vicab\OneDrive\Documents\PartageMemoireISI>git commit -m 'MAJ du repos'
error: pathspec 'du' did not match any file(s) known to git
error: pathspec 'repos'' did not match any file(s) known to git

C:\Users\vicab\OneDrive\Documents\PartageMemoireISI>git commit -m "MAJ du repos"
[victoire be9b768] MAJ du repos
 75 files changed, 1190 insertions(+), 658 deletions(-)
 create mode 100644 .vs/PartageMemoireM1GL/FileContentIndex/1039ad90-78ea-42e5-8e21-8cb9e5895a4d.vsidx
 create mode 100644 .vs/PartageMemoireM1GL/FileContentIndex/42cb769f-0b7b-4497-b103-274ffbb2eec5.vsidx
 delete mode 100644 .vs/PartageMemoireM1GL/FileContentIndex/566117be-ed6c-42e0-963b-3815f3faf0cc.vsidx
 create mode 100644 .vs/PartageMemoireM1GL/FileContentIndex/8e3c1b50-7d07-43bb-80d8-ac229e1f25fd.vsidx
 delete mode 100644 .vs/PartageMemoireM1GL/FileContentIndex/92fd565e-fcf0-4336-a1f5-a02fdb0d7f24.vsidx
 delete mode 100644 .vs/PartageMemoireM1GL/FileContentIndex/a921bbb1-3bbb-4140-b215-7bc9ff0b8781.vsidx
 create mode 100644 .vs/PartageMemoireM1GL/FileContentIndex/b885ccdb-3561-4b44-92f2-d095f62a01eb.vsidx
 delete mode 100644 .vs/PartageMemoireM1GL/FileContentIndex/d3e1992c-3621-49ca-9045-a033f2cf02cd.vsidx
 delete mode 100644 .vs/PartageMemoireM1GL/FileContentIndex/d59ece2f-66e7-48d8-8cb6-d0cc0f6b14c1.vsidx
 create mode 100644 .vs/PartageMemoireM1GL/FileContentIndex/ff7c5c37-89f9-463d-8e30-77e59536969e.vsidx
 create mode 100644 Commande supplementaire.txt
 create mode 100644 PMGateway/Controllers/AuthController.cs
 create mode 100644 PMGateway/bin/Debug/net8.0/Microsoft.AspNetCore.Authentication.JwtBearer.dll
 create mode 100644 PMGateway/obj/Debug/net8.0/PMGateway.sourcelink.json

C:\Users\vicab\OneDrive\Documents\PartageMemoireISI>
C:\Users\vicab\OneDrive\Documents\PartageMemoireISI>
C:\Users\vicab\OneDrive\Documents\PartageMemoireISI>
C:\Users\vicab\OneDrive\Documents\PartageMemoireISI>git push
Enumerating objects: 161, done.
Counting objects: 100% (161/161), done.
Delta compression using up to 4 threads
Compressing objects: 100% (82/82), done.
Writing objects: 100% (88/88), 380.91 KiB | 3.12 MiB/s, done.
Total 88 (delta 45), reused 6 (delta 1), pack-reused 0
remote: Resolving deltas: 100% (45/45), completed with 40 local objects.
To https://github.com/mariame-tech/PartageMemoireISI
   cdcbd9d..be9b768  victoire -> victoire

C:\Users\vicab\OneDrive\Documents\PartageMemoireISI>